Drawable.hpp:134:23:virtual touchgfx::Drawable* touchgfx::Drawable::getFirstChild()	0	static
Drawable.hpp:271:18:virtual void touchgfx::Drawable::setX(int16_t)	0	static
Drawable.hpp:283:18:virtual void touchgfx::Drawable::setY(int16_t)	0	static
Drawable.hpp:312:18:virtual void touchgfx::Drawable::setWidth(int16_t)	0	static
Drawable.hpp:324:18:virtual void touchgfx::Drawable::setHeight(int16_t)	0	static
Drawable.hpp:334:18:virtual void touchgfx::Drawable::childGeometryChanged()	0	static
Drawable.hpp:345:18:virtual void touchgfx::Drawable::handleClickEvent(const touchgfx::ClickEvent&)	0	static
Drawable.hpp:356:18:virtual void touchgfx::Drawable::handleGestureEvent(const touchgfx::GestureEvent&)	0	static
Drawable.hpp:444:18:virtual void touchgfx::Drawable::handleDragEvent(const touchgfx::DragEvent&)	0	static
Drawable.hpp:454:18:virtual void touchgfx::Drawable::handleTickEvent()	0	static
Drawable.hpp:541:18:virtual void touchgfx::Drawable::moveTo(int16_t, int16_t)	4	static
Drawable.hpp:656:18:virtual void touchgfx::Drawable::setupDrawChain(const touchgfx::Rect&, touchgfx::Drawable**)	0	static
Container.hpp:154:23:virtual touchgfx::Drawable* touchgfx::Container::getFirstChild()	0	static
Screen.hpp:96:18:virtual void touchgfx::Screen::setupScreen()	0	static
Screen.hpp:107:18:virtual void touchgfx::Screen::afterTransition()	0	static
Screen.hpp:118:18:virtual void touchgfx::Screen::tearDownScreen()	0	static
Screen.hpp:147:18:virtual void touchgfx::Screen::handleTickEvent()	0	static
Screen.hpp:157:18:virtual void touchgfx::Screen::handleKeyEvent(uint8_t)	0	static
Widget.hpp:50:18:virtual void touchgfx::Widget::getLastChild(int16_t, int16_t, touchgfx::Drawable**)	0	static
TypedText.hpp:68:13:touchgfx::TypedText::~TypedText()	0	static
AbstractButtonContainer.hpp:115:18:virtual void touchgfx::AbstractButtonContainer::handlePressedUpdated()	0	static
AbstractButtonContainer.hpp:120:18:virtual void touchgfx::AbstractButtonContainer::handleAlphaUpdated()	0	static
AbstractButtonContainer.hpp:35:7:touchgfx::AbstractButtonContainer::~AbstractButtonContainer()	0	static
View.hpp:40:7:touchgfx::View<Ser_monPresenter>::~View()	0	static
Ser_monViewBase.hpp:23:13:Ser_monViewBase::~Ser_monViewBase()	0	static
Ser_monViewBase.hpp:34:18:virtual void Ser_monViewBase::KeyboardSelected(uint8_t)	0	static
Ser_monViewBase.hpp:39:18:virtual void Ser_monViewBase::InputText()	0	static
Ser_monViewBase.cpp:102:6:virtual void Ser_monViewBase::setupScreen()	0	static
ClickButtonTrigger.hpp:36:7:touchgfx::ClickButtonTrigger::~ClickButtonTrigger()	0	static
BoxWithBorderButtonStyle.hpp:125:18:void touchgfx::BoxWithBorderButtonStyle<T>::handlePressedUpdated() [with T = touchgfx::ClickButtonTrigger]	0	static
Callback.hpp:362:8:touchgfx::Callback<Ser_monViewBase, const touchgfx::AbstractButtonContainer&>::~Callback()	0	static
Callback.hpp:362:8:touchgfx::Callback<Ser_monViewBase, const touchgfx::AbstractButton&>::~Callback()	0	static
BoxWithBorderButtonStyle.hpp:43:7:touchgfx::BoxWithBorderButtonStyle<touchgfx::ClickButtonTrigger>::~BoxWithBorderButtonStyle()	0	static
Callback.hpp:392:18:void touchgfx::Callback<dest_type, T1, void, void>::execute(T1) [with dest_type = Ser_monViewBase; T1 = const touchgfx::AbstractButtonContainer&]	8	static
Callback.hpp:402:18:bool touchgfx::Callback<dest_type, T1, void, void>::isValid() const [with dest_type = Ser_monViewBase; T1 = const touchgfx::AbstractButtonContainer&]	0	static
Callback.hpp:392:18:void touchgfx::Callback<dest_type, T1, void, void>::execute(T1) [with dest_type = Ser_monViewBase; T1 = const touchgfx::AbstractButton&]	8	static
Callback.hpp:402:18:bool touchgfx::Callback<dest_type, T1, void, void>::isValid() const [with dest_type = Ser_monViewBase; T1 = const touchgfx::AbstractButton&]	0	static
BoxWithBorderButtonStyle.hpp:133:18:void touchgfx::BoxWithBorderButtonStyle<T>::handleAlphaUpdated() [with T = touchgfx::ClickButtonTrigger]	0	static
TypedText.hpp:68:13:virtual touchgfx::TypedText::~TypedText()	8	static
View.hpp:40:7:virtual touchgfx::View<Ser_monPresenter>::~View()	8	static
AbstractButtonContainer.hpp:35:7:virtual touchgfx::AbstractButtonContainer::~AbstractButtonContainer()	8	static
ClickButtonTrigger.hpp:36:7:virtual touchgfx::ClickButtonTrigger::~ClickButtonTrigger()	8	static
BoxWithBorderButtonStyle.hpp:43:7:virtual touchgfx::BoxWithBorderButtonStyle<touchgfx::ClickButtonTrigger>::~BoxWithBorderButtonStyle()	8	static
Callback.hpp:362:8:virtual touchgfx::Callback<Ser_monViewBase, const touchgfx::AbstractButton&>::~Callback()	8	static
Callback.hpp:362:8:virtual touchgfx::Callback<Ser_monViewBase, const touchgfx::AbstractButtonContainer&>::~Callback()	8	static
Ser_monViewBase.hpp:23:13:virtual Ser_monViewBase::~Ser_monViewBase()	8	static
Ser_monViewBase.cpp:107:6:virtual void Ser_monViewBase::keyboardSelectedVar(uint8_t)	8	static
AbstractButtonContainer.hpp:100:18:virtual void touchgfx::AbstractButtonContainer::executeAction()	8	static
Ser_monViewBase.cpp:131:6:void Ser_monViewBase::flexButtonCallbackHandler(const touchgfx::AbstractButtonContainer&)	0	static
ClickButtonTrigger.hpp:48:18:virtual void touchgfx::ClickButtonTrigger::handleClickEvent(const touchgfx::ClickEvent&)	16	static
Ser_monViewBase.cpp:120:6:void Ser_monViewBase::buttonCallbackHandler(const touchgfx::AbstractButton&)	8	static
Drawable.hpp:53:5:touchgfx::Drawable::Drawable()	0	static
Drawable.hpp:299:10:void touchgfx::Drawable::setXY(int16_t, int16_t)	16	static
Drawable.hpp:218:10:void touchgfx::Drawable::setPosition(int16_t, int16_t, int16_t, int16_t)	16	static
Box.hpp:40:5:touchgfx::Box::Box()	8	static
TextArea.hpp:47:5:touchgfx::TextArea::TextArea()	8	static
ButtonWithLabel.hpp:134:10:void touchgfx::ButtonWithLabel::updateTextPosition()	24	static
Color.hpp:51:22:static touchgfx::colortype touchgfx::Color::getColorFrom24BitRGB(uint8_t, uint8_t, uint8_t)	16	static
BoxWithBorderButtonStyle.hpp:46:5:touchgfx::BoxWithBorderButtonStyle<T>::BoxWithBorderButtonStyle() [with T = touchgfx::ClickButtonTrigger]	16	static
Ser_monViewBase.cpp:9:1:Ser_monViewBase::Ser_monViewBase()	120	static
