Types.hpp:94:5:touchgfx::colortype::colortype(uint32_t)	16	static
Types.hpp:146:5:touchgfx::Rect::Rect(int16_t, int16_t, int16_t, int16_t)	24	static
HAL.hpp:100:13:touchgfx::HAL::~HAL()	16	static
HAL.hpp:100:13:virtual touchgfx::HAL::~HAL()	16	static
HAL.hpp:109:17:static touchgfx::HAL* touchgfx::HAL::getInstance()	4	static
HAL.hpp:123:18:virtual void touchgfx::HAL::setDisplayOrientation(touchgfx::DisplayOrientation)	16	static
HAL.hpp:189:10:void touchgfx::HAL::frontPorchEntered()	16	static
HAL.hpp:281:28:virtual touchgfx::BlitOperations touchgfx::HAL::getBlitCaps()	16	static
HAL.hpp:528:10:void touchgfx::HAL::vSync()	16	static
HAL.hpp:538:18:virtual void touchgfx::HAL::backPorchExited()	16	static
HAL.hpp:570:18:virtual bool touchgfx::HAL::sampleKey(uint8_t&)	16	static
HAL.hpp:617:18:virtual void touchgfx::HAL::setFrameBufferStartAddresses(void*, void*, void*)	24	static
HAL.hpp:760:30:virtual touchgfx::FlashDataReader* touchgfx::HAL::getFlashDataReader() const	16	static
HAL.hpp:909:18:virtual void touchgfx::HAL::taskDelay(uint16_t)	16	static
HAL.hpp:936:22:virtual uint16_t touchgfx::HAL::getTFTCurrentLine()	16	static
HAL.hpp:947:21:virtual touchgfx::DMAType touchgfx::HAL::getDMAType()	16	static
HAL.hpp:1057:18:virtual void touchgfx::HAL::performDisplayOrientationChange()	16	static
HAL.hpp:1086:18:virtual void touchgfx::HAL::InvalidateCache()	16	static
HAL.hpp:1097:18:virtual void touchgfx::HAL::FlushCache()	16	static
TouchGFXGeneratedHAL.hpp:103:18:virtual void TouchGFXGeneratedHAL::flushFrameBuffer()	16	static
TypedText.hpp:62:14:touchgfx::TypedText::TypedText(touchgfx::TypedTextId)	16	static
TypedText.hpp:68:13:touchgfx::TypedText::~TypedText()	16	static
TypedText.hpp:68:13:virtual touchgfx::TypedText::~TypedText()	16	static
core_cm7.h:1896:22:void __NVIC_EnableIRQ(IRQn_Type)	16	static
core_cm7.h:1932:22:void __NVIC_DisableIRQ(IRQn_Type)	16	static,ignoring_inline_asm
core_cm7.h:2024:22:void __NVIC_SetPriority(IRQn_Type, uint32_t)	16	static
TouchGFXGeneratedHAL.cpp:34:6:void TouchGFXGeneratedHAL::initialize()	24	static
TouchGFXGeneratedHAL.cpp:42:6:virtual void TouchGFXGeneratedHAL::configureInterrupts()	16	static
TouchGFXGeneratedHAL.cpp:48:6:virtual void TouchGFXGeneratedHAL::enableInterrupts()	16	static
TouchGFXGeneratedHAL.cpp:54:6:virtual void TouchGFXGeneratedHAL::disableInterrupts()	16	static
TouchGFXGeneratedHAL.cpp:60:6:virtual void TouchGFXGeneratedHAL::enableLCDControllerInterrupt()	16	static
TouchGFXGeneratedHAL.cpp:71:11:virtual uint16_t* TouchGFXGeneratedHAL::getTFTFrameBuffer() const	16	static
TouchGFXGeneratedHAL.cpp:76:6:virtual void TouchGFXGeneratedHAL::setTFTFrameBuffer(uint16_t*)	16	static
TouchGFXGeneratedHAL.cpp:84:6:virtual void TouchGFXGeneratedHAL::flushFrameBuffer(const touchgfx::Rect&)	16	static
TouchGFXGeneratedHAL.cpp:91:10:void HAL_LTDC_LineEventCallback(LTDC_HandleTypeDef*)	16	static
TouchGFXGeneratedHAL.hpp:28:7:TouchGFXGeneratedHAL::~TouchGFXGeneratedHAL()	16	static
TouchGFXGeneratedHAL.hpp:28:7:virtual TouchGFXGeneratedHAL::~TouchGFXGeneratedHAL()	16	static
Keyboard.hpp:91:7:touchgfx::Keyboard::Layout::~Layout()	16	static
TouchGFXGeneratedHAL.cpp:113:1:void __static_initialization_and_destruction_0(int, int)	32	static
TouchGFXGeneratedHAL.cpp:113:1:cpp)	8	static
TouchGFXGeneratedHAL.cpp:113:1:cpp)	8	static
