Application.hpp:77:18:virtual void touchgfx::Application::appSwitchScreen(uint8_t)	0	static
Application.hpp:89:18:virtual void touchgfx::Application::requestRedraw(touchgfx::Rect&)	0	static
Transition.hpp:75:18:virtual void touchgfx::Transition::tearDown()	0	static
Transition.hpp:83:18:virtual void touchgfx::Transition::init()	0	static
Transition.hpp:103:18:virtual void touchgfx::Transition::setScreenContainer(touchgfx::Container&)	0	static
MVPApplication.hpp:47:7:touchgfx::MVPApplication::~MVPApplication()	0	static
FrontendApplicationBase.hpp:16:13:FrontendApplicationBase::~FrontendApplicationBase()	0	static
NoTransition.hpp:38:18:virtual void touchgfx::NoTransition::handleTickEvent()	0	static
TypedText.hpp:68:13:touchgfx::TypedText::~TypedText()	0	static
Callback.hpp:362:8:touchgfx::Callback<touchgfx::SlideTransition<(touchgfx::Direction)3>, touchgfx::Drawable&, void, void>::~Callback()	0	static
Callback.hpp:362:8:touchgfx::Callback<touchgfx::SlideTransition<(touchgfx::Direction)2>, touchgfx::Drawable&, void, void>::~Callback()	0	static
SlideTransition.hpp:41:7:touchgfx::SlideTransition<(touchgfx::Direction)3>::~SlideTransition()	0	static
SlideTransition.hpp:41:7:touchgfx::SlideTransition<(touchgfx::Direction)2>::~SlideTransition()	0	static
NoTransition.hpp:34:7:touchgfx::NoTransition::~NoTransition()	0	static
Callback.hpp:430:8:touchgfx::Callback<FrontendApplicationBase>::~Callback()	0	static
Keyboard.hpp:91:7:touchgfx::Keyboard::Layout::~Layout()	0	static
SlideTransition.hpp:175:18:void touchgfx::SlideTransition<templateDirection>::initMoveDrawable(touchgfx::Drawable&) [with touchgfx::Direction templateDirection = (touchgfx::Direction)3]	0	static
Callback.hpp:392:18:void touchgfx::Callback<dest_type, T1, void, void>::execute(T1) [with dest_type = touchgfx::SlideTransition<(touchgfx::Direction)3>; T1 = touchgfx::Drawable&]	8	static
Callback.hpp:402:18:bool touchgfx::Callback<dest_type, T1, void, void>::isValid() const [with dest_type = touchgfx::SlideTransition<(touchgfx::Direction)3>; T1 = touchgfx::Drawable&]	0	static
SlideTransition.hpp:175:18:void touchgfx::SlideTransition<templateDirection>::initMoveDrawable(touchgfx::Drawable&) [with touchgfx::Direction templateDirection = (touchgfx::Direction)2]	0	static
Callback.hpp:392:18:void touchgfx::Callback<dest_type, T1, void, void>::execute(T1) [with dest_type = touchgfx::SlideTransition<(touchgfx::Direction)2>; T1 = touchgfx::Drawable&]	8	static
Callback.hpp:402:18:bool touchgfx::Callback<dest_type, T1, void, void>::isValid() const [with dest_type = touchgfx::SlideTransition<(touchgfx::Direction)2>; T1 = touchgfx::Drawable&]	0	static
Callback.hpp:456:18:void touchgfx::Callback<dest_type, void, void, void>::execute() [with dest_type = FrontendApplicationBase]	4	static
Callback.hpp:466:18:bool touchgfx::Callback<dest_type, void, void, void>::isValid() const [with dest_type = FrontendApplicationBase]	0	static
MVPApplication.hpp:47:7:virtual touchgfx::MVPApplication::~MVPApplication()	8	static
NoTransition.hpp:34:7:virtual touchgfx::NoTransition::~NoTransition()	8	static
TypedText.hpp:68:13:virtual touchgfx::TypedText::~TypedText()	8	static
FrontendApplicationBase.hpp:16:13:virtual FrontendApplicationBase::~FrontendApplicationBase()	8	static
Callback.hpp:430:8:virtual touchgfx::Callback<FrontendApplicationBase>::~Callback()	8	static
SlideTransition.hpp:41:7:virtual touchgfx::SlideTransition<(touchgfx::Direction)3>::~SlideTransition()	8	static
Callback.hpp:362:8:virtual touchgfx::Callback<touchgfx::SlideTransition<(touchgfx::Direction)3>, touchgfx::Drawable&, void, void>::~Callback()	8	static
SlideTransition.hpp:41:7:virtual touchgfx::SlideTransition<(touchgfx::Direction)2>::~SlideTransition()	8	static
Callback.hpp:362:8:virtual touchgfx::Callback<touchgfx::SlideTransition<(touchgfx::Direction)2>, touchgfx::Drawable&, void, void>::~Callback()	8	static
Transition.hpp:92:18:virtual void touchgfx::Transition::invalidate()	8	static
SlideTransition.hpp:202:18:void touchgfx::SlideTransition<templateDirection>::tickMoveDrawable(touchgfx::Drawable&) [with touchgfx::Direction templateDirection = (touchgfx::Direction)3]	4	static
SlideTransition.hpp:202:18:void touchgfx::SlideTransition<templateDirection>::tickMoveDrawable(touchgfx::Drawable&) [with touchgfx::Direction templateDirection = (touchgfx::Direction)2]	4	static
SlideTransition.hpp:148:18:void touchgfx::SlideTransition<templateDirection>::tearDown() [with touchgfx::Direction templateDirection = (touchgfx::Direction)3]	0	static
SlideTransition.hpp:148:18:void touchgfx::SlideTransition<templateDirection>::tearDown() [with touchgfx::Direction templateDirection = (touchgfx::Direction)2]	0	static
SlideTransition.hpp:91:18:void touchgfx::SlideTransition<templateDirection>::handleTickEvent() [with touchgfx::Direction templateDirection = (touchgfx::Direction)3]	8	static
SlideTransition.hpp:91:18:void touchgfx::SlideTransition<templateDirection>::handleTickEvent() [with touchgfx::Direction templateDirection = (touchgfx::Direction)2]	8	static
MVPApplication.hpp:63:18:virtual void touchgfx::MVPApplication::handlePendingScreenTransition()	8	static
SlideTransition.hpp:156:18:void touchgfx::SlideTransition<templateDirection>::init() [with touchgfx::Direction templateDirection = (touchgfx::Direction)3]	24	static
SlideTransition.hpp:156:18:void touchgfx::SlideTransition<templateDirection>::init() [with touchgfx::Direction templateDirection = (touchgfx::Direction)2]	24	static
Drawable.hpp:367:10:void touchgfx::Drawable::setWidthHeight(int16_t, int16_t)	16	static
FrontendApplicationBase.cpp:25:1:FrontendApplicationBase::FrontendApplicationBase(Model&, FrontendHeap&)	24	static
FrontendApplicationBase.cpp:42:6:void FrontendApplicationBase::gotoMainScreenNoTransition()	0	static
FrontendApplicationBase.cpp:53:6:void FrontendApplicationBase::gotoMainScreenSlideTransitionWest()	0	static
FrontendApplicationBase.cpp:66:6:void FrontendApplicationBase::gotoSer_monScreenSlideTransitionEast()	0	static
FrontendApplicationBase.cpp:77:6:void FrontendApplicationBase::gotoSer_monScreenSlideTransitionWest()	0	static
FrontendApplicationBase.cpp:90:6:void FrontendApplicationBase::gotoCKeyboardScreenScreenSlideTransitionEast()	0	static
FrontendApplicationBase.cpp:103:6:void FrontendApplicationBase::gotoOSCScreenSlideTransitionEast()	0	static
FrontendApplicationBase.cpp:116:6:void FrontendApplicationBase::gotoSettingsScreenSlideTransitionEast()	0	static
MVPApplication.hpp:165:16:PresenterType* touchgfx::makeTransition(touchgfx::Screen**, touchgfx::Presenter**, touchgfx::MVPHeap&, touchgfx::Transition**, ModelType*) [with ScreenType = MainView; PresenterType = MainPresenter; TransType = touchgfx::NoTransition; ModelType = Model]	32	static
FrontendApplicationBase.cpp:48:6:void FrontendApplicationBase::gotoMainScreenNoTransitionImpl()	16	static
SlideTransition.hpp:49:5:touchgfx::SlideTransition<templateDirection>::SlideTransition(uint8_t) [with touchgfx::Direction templateDirection = (touchgfx::Direction)3]	24	static
MVPApplication.hpp:165:16:PresenterType* touchgfx::makeTransition(touchgfx::Screen**, touchgfx::Presenter**, touchgfx::MVPHeap&, touchgfx::Transition**, ModelType*) [with ScreenType = MainView; PresenterType = MainPresenter; TransType = touchgfx::SlideTransition<(touchgfx::Direction)3>; ModelType = Model]	32	static
FrontendApplicationBase.cpp:59:6:void FrontendApplicationBase::gotoMainScreenSlideTransitionWestImpl()	16	static
MVPApplication.hpp:165:16:PresenterType* touchgfx::makeTransition(touchgfx::Screen**, touchgfx::Presenter**, touchgfx::MVPHeap&, touchgfx::Transition**, ModelType*) [with ScreenType = Ser_monView; PresenterType = Ser_monPresenter; TransType = touchgfx::SlideTransition<(touchgfx::Direction)3>; ModelType = Model]	32	static
FrontendApplicationBase.cpp:83:6:void FrontendApplicationBase::gotoSer_monScreenSlideTransitionWestImpl()	16	static
AbstractPartition.hpp:138:8:T& touchgfx::AbstractPartition::at(uint16_t) [with T = touchgfx::SlideTransition<(touchgfx::Direction)2>]	0	static
SlideTransition.hpp:49:5:touchgfx::SlideTransition<templateDirection>::SlideTransition(uint8_t) [with touchgfx::Direction templateDirection = (touchgfx::Direction)2]	24	static
MVPApplication.hpp:165:16:PresenterType* touchgfx::makeTransition(touchgfx::Screen**, touchgfx::Presenter**, touchgfx::MVPHeap&, touchgfx::Transition**, ModelType*) [with ScreenType = Ser_monView; PresenterType = Ser_monPresenter; TransType = touchgfx::SlideTransition<(touchgfx::Direction)2>; ModelType = Model]	32	static
FrontendApplicationBase.cpp:72:6:void FrontendApplicationBase::gotoSer_monScreenSlideTransitionEastImpl()	16	static
MVPApplication.hpp:165:16:PresenterType* touchgfx::makeTransition(touchgfx::Screen**, touchgfx::Presenter**, touchgfx::MVPHeap&, touchgfx::Transition**, ModelType*) [with ScreenType = CKeyboardScreenView; PresenterType = CKeyboardScreenPresenter; TransType = touchgfx::SlideTransition<(touchgfx::Direction)2>; ModelType = Model]	32	static
FrontendApplicationBase.cpp:96:6:void FrontendApplicationBase::gotoCKeyboardScreenScreenSlideTransitionEastImpl()	16	static
MVPApplication.hpp:165:16:PresenterType* touchgfx::makeTransition(touchgfx::Screen**, touchgfx::Presenter**, touchgfx::MVPHeap&, touchgfx::Transition**, ModelType*) [with ScreenType = OSCView; PresenterType = OSCPresenter; TransType = touchgfx::SlideTransition<(touchgfx::Direction)2>; ModelType = Model]	32	static
FrontendApplicationBase.cpp:109:6:void FrontendApplicationBase::gotoOSCScreenSlideTransitionEastImpl()	16	static
MVPApplication.hpp:165:16:PresenterType* touchgfx::makeTransition(touchgfx::Screen**, touchgfx::Presenter**, touchgfx::MVPHeap&, touchgfx::Transition**, ModelType*) [with ScreenType = SettingsView; PresenterType = SettingsPresenter; TransType = touchgfx::SlideTransition<(touchgfx::Direction)2>; ModelType = Model]	32	static
FrontendApplicationBase.cpp:122:6:void FrontendApplicationBase::gotoSettingsScreenSlideTransitionEastImpl()	16	static
FrontendApplicationBase.cpp:125:1:cpp)	36	static
