Callback.hpp:182:13:touchgfx::GenericCallback<void>::~GenericCallback()	16	static
Callback.hpp:182:13:virtual touchgfx::GenericCallback<void>::~GenericCallback()	16	static
Types.hpp:94:5:touchgfx::colortype::colortype(uint32_t)	16	static
Types.hpp:130:5:touchgfx::Rect::Rect()	16	static
Types.hpp:146:5:touchgfx::Rect::Rect(int16_t, int16_t, int16_t, int16_t)	24	static
Drawable.hpp:53:5:touchgfx::Drawable::Drawable()	24	static
Drawable.hpp:64:13:touchgfx::Drawable::~Drawable()	16	static
Drawable.hpp:64:13:virtual touchgfx::Drawable::~Drawable()	16	static
Drawable.hpp:134:23:virtual touchgfx::Drawable* touchgfx::Drawable::getFirstChild()	16	static
Drawable.hpp:218:10:void touchgfx::Drawable::setPosition(int16_t, int16_t, int16_t, int16_t)	24	static
Drawable.hpp:271:18:virtual void touchgfx::Drawable::setX(int16_t)	16	static
Drawable.hpp:283:18:virtual void touchgfx::Drawable::setY(int16_t)	16	static
Drawable.hpp:299:10:void touchgfx::Drawable::setXY(int16_t, int16_t)	16	static
Drawable.hpp:312:18:virtual void touchgfx::Drawable::setWidth(int16_t)	16	static
Drawable.hpp:324:18:virtual void touchgfx::Drawable::setHeight(int16_t)	16	static
Drawable.hpp:334:18:virtual void touchgfx::Drawable::childGeometryChanged()	16	static
Drawable.hpp:345:18:virtual void touchgfx::Drawable::handleClickEvent(const touchgfx::ClickEvent&)	16	static
Drawable.hpp:356:18:virtual void touchgfx::Drawable::handleGestureEvent(const touchgfx::GestureEvent&)	16	static
Drawable.hpp:367:10:void touchgfx::Drawable::setWidthHeight(int16_t, int16_t)	16	static
Drawable.hpp:444:18:virtual void touchgfx::Drawable::handleDragEvent(const touchgfx::DragEvent&)	16	static
Drawable.hpp:454:18:virtual void touchgfx::Drawable::handleTickEvent()	16	static
Drawable.hpp:478:10:void touchgfx::Drawable::setTouchable(bool)	16	static
Drawable.hpp:490:10:bool touchgfx::Drawable::isVisible() const	16	static
Drawable.hpp:502:10:bool touchgfx::Drawable::isTouchable() const	16	static
Drawable.hpp:541:18:virtual void touchgfx::Drawable::moveTo(int16_t, int16_t)	16	static
Drawable.hpp:578:10:void touchgfx::Drawable::resetDrawChainCache()	16	static
Drawable.hpp:656:18:virtual void touchgfx::Drawable::setupDrawChain(const touchgfx::Rect&, touchgfx::Drawable**)	24	static
HAL.hpp:109:17:static touchgfx::HAL* touchgfx::HAL::getInstance()	4	static
HAL.hpp:226:17:static touchgfx::LCD& touchgfx::HAL::lcd()	4	static
Color.hpp:51:22:static touchgfx::colortype touchgfx::Color::getColorFrom24BitRGB(uint8_t, uint8_t, uint8_t)	24	static
Container.hpp:45:5:touchgfx::Container::Container()	16	static
Container.hpp:154:23:virtual touchgfx::Drawable* touchgfx::Container::getFirstChild()	16	static
Widget.hpp:50:18:virtual void touchgfx::Widget::getLastChild(int16_t, int16_t, touchgfx::Drawable**)	24	static
Widget.hpp:39:7:touchgfx::Widget::Widget()	16	static
Widget.hpp:39:7:touchgfx::Widget::~Widget()	16	static
Widget.hpp:39:7:virtual touchgfx::Widget::~Widget()	16	static
TypedText.hpp:62:14:touchgfx::TypedText::TypedText(touchgfx::TypedTextId)	16	static
TypedText.hpp:68:13:touchgfx::TypedText::~TypedText()	16	static
TypedText.hpp:68:13:virtual touchgfx::TypedText::~TypedText()	16	static
TextArea.hpp:47:5:touchgfx::TextArea::TextArea()	16	static
TextArea.hpp:44:7:touchgfx::TextArea::~TextArea()	16	static
TextArea.hpp:44:7:virtual touchgfx::TextArea::~TextArea()	16	static
Keyboard.hpp:192:14:uint16_t touchgfx::Keyboard::getBufferPosition()	16	static
Keyboard.hpp:204:27:touchgfx::Unicode::UnicodeChar* touchgfx::Keyboard::getBuffer() const	16	static
Keyboard.hpp:246:10:void touchgfx::Keyboard::setKeyListener(touchgfx::GenericCallback<short unsigned int>&)	16	static
Container.hpp:42:7:touchgfx::Container::~Container()	16	static
Container.hpp:42:7:virtual touchgfx::Container::~Container()	16	static
CustomKeyboard.hpp:25:13:CustomKeyboard::~CustomKeyboard()	16	static
CustomKeyboard.hpp:25:13:virtual CustomKeyboard::~CustomKeyboard()	16	static
CustomKeyboard.cpp:3:1:CustomKeyboard::CustomKeyboard()	72	static
CustomKeyboard.cpp:37:6:void CustomKeyboard::setKeyMappingList()	40	static
CustomKeyboard.cpp:65:6:void CustomKeyboard::backspacePressedHandler()	24	static
CustomKeyboard.cpp:84:6:void CustomKeyboard::capslockPressedHandler()	16	static
CustomKeyboard.cpp:90:6:void CustomKeyboard::modePressedHandler()	16	static
CustomKeyboard.cpp:107:6:void CustomKeyboard::keyPressedhandler(touchgfx::Unicode::UnicodeChar)	16	static
CustomKeyboard.cpp:118:6:void CustomKeyboard::setTouchable(bool)	16	static
CustomKeyboard.cpp:124:23:touchgfx::Unicode::UnicodeChar* CustomKeyboard::getBuffer()	16	static
Callback.hpp:178:7:constexpr touchgfx::GenericCallback<void>::GenericCallback()	16	static
Callback.hpp:446:5:touchgfx::Callback<dest_type, void, void, void>::Callback(dest_type*, void (dest_type::*)()) [with dest_type = CustomKeyboard]	24	static
Callback.hpp:137:7:constexpr touchgfx::GenericCallback<short unsigned int>::GenericCallback()	16	static
Callback.hpp:378:5:touchgfx::Callback<dest_type, T1, void, void>::Callback(dest_type*, void (dest_type::*)(T1)) [with dest_type = CustomKeyboard; T1 = short unsigned int]	24	static
Callback.hpp:141:13:touchgfx::GenericCallback<T1, void, void>::~GenericCallback() [with T1 = short unsigned int]	16	static
Callback.hpp:141:13:touchgfx::GenericCallback<T1, void, void>::~GenericCallback() [with T1 = short unsigned int]	16	static
Callback.hpp:362:8:touchgfx::Callback<CustomKeyboard, short unsigned int>::~Callback()	16	static
Callback.hpp:362:8:virtual touchgfx::Callback<CustomKeyboard, short unsigned int>::~Callback()	16	static
Callback.hpp:430:8:touchgfx::Callback<CustomKeyboard>::~Callback()	16	static
Callback.hpp:430:8:virtual touchgfx::Callback<CustomKeyboard>::~Callback()	16	static
Keyboard.hpp:91:7:touchgfx::Keyboard::Layout::~Layout()	16	static
CustomKeyboard.cpp:127:1:void __static_initialization_and_destruction_0(int, int)	32	static
Image.hpp:42:7:touchgfx::Image::~Image()	16	static
Image.hpp:42:7:virtual touchgfx::Image::~Image()	16	static
TextAreaWithWildcard.hpp:37:7:touchgfx::TextAreaWithOneWildcard::~TextAreaWithOneWildcard()	16	static
TextAreaWithWildcard.hpp:37:7:virtual touchgfx::TextAreaWithOneWildcard::~TextAreaWithOneWildcard()	16	static
Keyboard.hpp:56:7:touchgfx::Keyboard::~Keyboard()	16	static
Keyboard.hpp:56:7:virtual touchgfx::Keyboard::~Keyboard()	16	static
Callback.hpp:392:18:void touchgfx::Callback<dest_type, T1, void, void>::execute(T1) [with dest_type = CustomKeyboard; T1 = short unsigned int]	16	static
Callback.hpp:402:18:bool touchgfx::Callback<dest_type, T1, void, void>::isValid() const [with dest_type = CustomKeyboard; T1 = short unsigned int]	16	static
Callback.hpp:456:18:void touchgfx::Callback<dest_type, void, void, void>::execute() [with dest_type = CustomKeyboard]	16	static
Callback.hpp:466:18:bool touchgfx::Callback<dest_type, void, void, void>::isValid() const [with dest_type = CustomKeyboard]	16	static
CustomKeyboard.cpp:127:1:cpp)	8	static
CustomKeyboard.cpp:127:1:cpp)	8	static
