stm32h7xx_hal_msp.c:64:6:HAL_MspInit	8	static
stm32h7xx_hal_msp.c:87:6:HAL_CRC_MspInit	8	static
stm32h7xx_hal_msp.c:109:6:HAL_CRC_MspDeInit	0	static
stm32h7xx_hal_msp.c:131:6:HAL_DMA2D_MspInit	16	static
stm32h7xx_hal_msp.c:156:6:HAL_DMA2D_MspDeInit	0	static
stm32h7xx_hal_msp.c:181:6:HAL_LTDC_MspInit	56	static
stm32h7xx_hal_msp.c:275:6:HAL_LTDC_MspDeInit	8	static
stm32h7xx_hal_msp.c:343:6:HAL_QSPI_MspInit	64	static
stm32h7xx_hal_msp.c:425:6:HAL_QSPI_MspDeInit	8	static
stm32h7xx_hal_msp.c:563:6:HAL_SDRAM_MspInit	48	static
stm32h7xx_hal_msp.c:647:6:HAL_SDRAM_MspDeInit	8	static
