new:173:33:void* operator new(std::size_t, void*)	16	static
Types.hpp:94:5:touchgfx::colortype::colortype(uint32_t)	16	static
Types.hpp:146:5:touchgfx::Rect::Rect(int16_t, int16_t, int16_t, int16_t)	24	static
UIEventListener.hpp:48:18:virtual void touchgfx::UIEventListener::handleClickEvent(const touchgfx::ClickEvent&)	16	static
UIEventListener.hpp:57:18:virtual void touchgfx::UIEventListener::handleDragEvent(const touchgfx::DragEvent&)	16	static
UIEventListener.hpp:66:18:virtual void touchgfx::UIEventListener::handleGestureEvent(const touchgfx::GestureEvent&)	16	static
UIEventListener.hpp:75:18:virtual void touchgfx::UIEventListener::handleKeyEvent(uint8_t)	16	static
UIEventListener.hpp:83:18:virtual void touchgfx::UIEventListener::handleTickEvent()	16	static
UIEventListener.hpp:88:18:virtual void touchgfx::UIEventListener::handlePendingScreenTransition()	16	static
UIEventListener.hpp:93:13:touchgfx::UIEventListener::~UIEventListener()	16	static
UIEventListener.hpp:93:13:virtual touchgfx::UIEventListener::~UIEventListener()	16	static
Application.hpp:77:18:virtual void touchgfx::Application::appSwitchScreen(uint8_t)	16	static
Application.hpp:89:18:virtual void touchgfx::Application::requestRedraw(touchgfx::Rect&)	16	static
Callback.hpp:182:13:touchgfx::GenericCallback<void>::~GenericCallback()	16	static
Callback.hpp:182:13:virtual touchgfx::GenericCallback<void>::~GenericCallback()	16	static
Drawable.hpp:64:13:touchgfx::Drawable::~Drawable()	16	static
Drawable.hpp:64:13:virtual touchgfx::Drawable::~Drawable()	16	static
Drawable.hpp:134:23:virtual touchgfx::Drawable* touchgfx::Drawable::getFirstChild()	16	static
Drawable.hpp:218:10:void touchgfx::Drawable::setPosition(int16_t, int16_t, int16_t, int16_t)	24	static
Drawable.hpp:229:13:int16_t touchgfx::Drawable::getX() const	16	static
Drawable.hpp:271:18:virtual void touchgfx::Drawable::setX(int16_t)	16	static
Drawable.hpp:283:18:virtual void touchgfx::Drawable::setY(int16_t)	16	static
Drawable.hpp:299:10:void touchgfx::Drawable::setXY(int16_t, int16_t)	16	static
Drawable.hpp:312:18:virtual void touchgfx::Drawable::setWidth(int16_t)	16	static
Drawable.hpp:324:18:virtual void touchgfx::Drawable::setHeight(int16_t)	16	static
Drawable.hpp:334:18:virtual void touchgfx::Drawable::childGeometryChanged()	16	static
Drawable.hpp:345:18:virtual void touchgfx::Drawable::handleClickEvent(const touchgfx::ClickEvent&)	16	static
Drawable.hpp:356:18:virtual void touchgfx::Drawable::handleGestureEvent(const touchgfx::GestureEvent&)	16	static
Drawable.hpp:367:10:void touchgfx::Drawable::setWidthHeight(int16_t, int16_t)	16	static
Drawable.hpp:444:18:virtual void touchgfx::Drawable::handleDragEvent(const touchgfx::DragEvent&)	16	static
Drawable.hpp:454:18:virtual void touchgfx::Drawable::handleTickEvent()	16	static
Drawable.hpp:490:10:bool touchgfx::Drawable::isVisible() const	16	static
Drawable.hpp:502:10:bool touchgfx::Drawable::isTouchable() const	16	static
Drawable.hpp:541:18:virtual void touchgfx::Drawable::moveTo(int16_t, int16_t)	16	static
Drawable.hpp:578:10:void touchgfx::Drawable::resetDrawChainCache()	16	static
Drawable.hpp:656:18:virtual void touchgfx::Drawable::setupDrawChain(const touchgfx::Rect&, touchgfx::Drawable**)	24	static
HAL.hpp:109:17:static touchgfx::HAL* touchgfx::HAL::getInstance()	4	static
HAL.hpp:226:17:static touchgfx::LCD& touchgfx::HAL::lcd()	4	static
Transition.hpp:44:5:touchgfx::Transition::Transition()	16	static
Transition.hpp:50:13:touchgfx::Transition::~Transition()	16	static
Transition.hpp:50:13:virtual touchgfx::Transition::~Transition()	16	static
Transition.hpp:55:18:virtual void touchgfx::Transition::handleTickEvent()	16	static
Transition.hpp:75:18:virtual void touchgfx::Transition::tearDown()	16	static
Transition.hpp:83:18:virtual void touchgfx::Transition::init()	16	static
Transition.hpp:92:18:virtual void touchgfx::Transition::invalidate()	16	static
Transition.hpp:103:18:virtual void touchgfx::Transition::setScreenContainer(touchgfx::Container&)	16	static
Application.hpp:42:7:touchgfx::Application::~Application()	16	static
Application.hpp:42:7:virtual touchgfx::Application::~Application()	16	static
MVPApplication.hpp:51:5:touchgfx::MVPApplication::MVPApplication()	16	static
MVPApplication.hpp:63:18:virtual void touchgfx::MVPApplication::handlePendingScreenTransition()	16	static
MVPApplication.hpp:77:10:void touchgfx::MVPApplication::evaluatePendingScreenTransition()	16	static
Model.hpp:11:10:void Model::bind(ModelListener*)	16	static
MVPApplication.hpp:47:7:touchgfx::MVPApplication::~MVPApplication()	16	static
MVPApplication.hpp:47:7:virtual touchgfx::MVPApplication::~MVPApplication()	16	static
FrontendApplicationBase.hpp:16:13:FrontendApplicationBase::~FrontendApplicationBase()	16	static
FrontendApplicationBase.hpp:16:13:virtual FrontendApplicationBase::~FrontendApplicationBase()	16	static
NoTransition.hpp:38:18:virtual void touchgfx::NoTransition::handleTickEvent()	16	static
Widget.hpp:50:18:virtual void touchgfx::Widget::getLastChild(int16_t, int16_t, touchgfx::Drawable**)	24	static
ModelListener.hpp:13:10:void ModelListener::bind(Model*)	16	static
Widget.hpp:39:7:touchgfx::Widget::~Widget()	16	static
Widget.hpp:39:7:virtual touchgfx::Widget::~Widget()	16	static
TypedText.hpp:62:14:touchgfx::TypedText::TypedText(touchgfx::TypedTextId)	16	static
TypedText.hpp:68:13:touchgfx::TypedText::~TypedText()	16	static
TypedText.hpp:68:13:virtual touchgfx::TypedText::~TypedText()	16	static
FrontendApplicationBase.cpp:25:1:FrontendApplicationBase::FrontendApplicationBase(Model&, FrontendHeap&)	24	static
Callback.hpp:178:7:constexpr touchgfx::GenericCallback<void>& touchgfx::GenericCallback<void>::operator=(const touchgfx::GenericCallback<void>&)	16	static
Callback.hpp:430:8:constexpr touchgfx::Callback<FrontendApplicationBase>& touchgfx::Callback<FrontendApplicationBase>::operator=(touchgfx::Callback<FrontendApplicationBase>&&)	16	static
FrontendApplicationBase.cpp:42:6:void FrontendApplicationBase::gotoMainScreenNoTransition()	48	static
FrontendApplicationBase.cpp:48:6:void FrontendApplicationBase::gotoMainScreenNoTransitionImpl()	24	static
FrontendApplicationBase.cpp:53:6:void FrontendApplicationBase::gotoMainScreenSlideTransitionWest()	48	static
FrontendApplicationBase.cpp:59:6:void FrontendApplicationBase::gotoMainScreenSlideTransitionWestImpl()	24	static
FrontendApplicationBase.cpp:66:6:void FrontendApplicationBase::gotoSer_monScreenSlideTransitionEast()	48	static
FrontendApplicationBase.cpp:72:6:void FrontendApplicationBase::gotoSer_monScreenSlideTransitionEastImpl()	24	static
FrontendApplicationBase.cpp:77:6:void FrontendApplicationBase::gotoSer_monScreenSlideTransitionWest()	48	static
FrontendApplicationBase.cpp:83:6:void FrontendApplicationBase::gotoSer_monScreenSlideTransitionWestImpl()	24	static
FrontendApplicationBase.cpp:90:6:void FrontendApplicationBase::gotoCKeyboardScreenScreenSlideTransitionEast()	48	static
FrontendApplicationBase.cpp:96:6:void FrontendApplicationBase::gotoCKeyboardScreenScreenSlideTransitionEastImpl()	24	static
FrontendApplicationBase.cpp:103:6:void FrontendApplicationBase::gotoOSCScreenSlideTransitionEast()	48	static
FrontendApplicationBase.cpp:109:6:void FrontendApplicationBase::gotoOSCScreenSlideTransitionEastImpl()	24	static
FrontendApplicationBase.cpp:116:6:void FrontendApplicationBase::gotoSettingsScreenSlideTransitionEast()	48	static
FrontendApplicationBase.cpp:122:6:void FrontendApplicationBase::gotoSettingsScreenSlideTransitionEastImpl()	24	static
Callback.hpp:178:7:constexpr touchgfx::GenericCallback<void>::GenericCallback()	16	static
Callback.hpp:433:5:touchgfx::Callback<dest_type, void, void, void>::Callback() [with dest_type = FrontendApplicationBase]	16	static
Callback.hpp:446:5:touchgfx::Callback<dest_type, void, void, void>::Callback(dest_type*, void (dest_type::*)()) [with dest_type = FrontendApplicationBase]	24	static
NoTransition.hpp:34:7:touchgfx::NoTransition::NoTransition()	16	static
MVPApplication.hpp:165:16:PresenterType* touchgfx::makeTransition(touchgfx::Screen**, touchgfx::Presenter**, touchgfx::MVPHeap&, touchgfx::Transition**, ModelType*) [with ScreenType = MainView; PresenterType = MainPresenter; TransType = touchgfx::NoTransition; ModelType = Model]	72	static
MVPApplication.hpp:165:16:PresenterType* touchgfx::makeTransition(touchgfx::Screen**, touchgfx::Presenter**, touchgfx::MVPHeap&, touchgfx::Transition**, ModelType*) [with ScreenType = MainView; PresenterType = MainPresenter; TransType = touchgfx::SlideTransition<touchgfx::WEST>; ModelType = Model]	72	static
MVPApplication.hpp:165:16:PresenterType* touchgfx::makeTransition(touchgfx::Screen**, touchgfx::Presenter**, touchgfx::MVPHeap&, touchgfx::Transition**, ModelType*) [with ScreenType = Ser_monView; PresenterType = Ser_monPresenter; TransType = touchgfx::SlideTransition<touchgfx::EAST>; ModelType = Model]	72	static
MVPApplication.hpp:165:16:PresenterType* touchgfx::makeTransition(touchgfx::Screen**, touchgfx::Presenter**, touchgfx::MVPHeap&, touchgfx::Transition**, ModelType*) [with ScreenType = Ser_monView; PresenterType = Ser_monPresenter; TransType = touchgfx::SlideTransition<touchgfx::WEST>; ModelType = Model]	72	static
MVPApplication.hpp:165:16:PresenterType* touchgfx::makeTransition(touchgfx::Screen**, touchgfx::Presenter**, touchgfx::MVPHeap&, touchgfx::Transition**, ModelType*) [with ScreenType = CKeyboardScreenView; PresenterType = CKeyboardScreenPresenter; TransType = touchgfx::SlideTransition<touchgfx::EAST>; ModelType = Model]	72	static
MVPApplication.hpp:165:16:PresenterType* touchgfx::makeTransition(touchgfx::Screen**, touchgfx::Presenter**, touchgfx::MVPHeap&, touchgfx::Transition**, ModelType*) [with ScreenType = OSCView; PresenterType = OSCPresenter; TransType = touchgfx::SlideTransition<touchgfx::EAST>; ModelType = Model]	72	static
MVPApplication.hpp:165:16:PresenterType* touchgfx::makeTransition(touchgfx::Screen**, touchgfx::Presenter**, touchgfx::MVPHeap&, touchgfx::Transition**, ModelType*) [with ScreenType = SettingsView; PresenterType = SettingsPresenter; TransType = touchgfx::SlideTransition<touchgfx::EAST>; ModelType = Model]	72	static
AbstractPartition.hpp:138:8:T& touchgfx::AbstractPartition::at(uint16_t) [with T = touchgfx::NoTransition]	16	static
AbstractPartition.hpp:138:8:T& touchgfx::AbstractPartition::at(uint16_t) [with T = MainView]	16	static
AbstractPartition.hpp:138:8:T& touchgfx::AbstractPartition::at(uint16_t) [with T = MainPresenter]	16	static
View.hpp:54:10:void touchgfx::View<T>::bind(T&) [with T = MainPresenter]	16	static
AbstractPartition.hpp:138:8:T& touchgfx::AbstractPartition::at(uint16_t) [with T = touchgfx::SlideTransition<touchgfx::WEST>]	16	static
SnapshotWidget.hpp:34:7:touchgfx::SnapshotWidget::~SnapshotWidget()	16	static
SnapshotWidget.hpp:34:7:virtual touchgfx::SnapshotWidget::~SnapshotWidget()	16	static
Callback.hpp:362:8:touchgfx::Callback<touchgfx::SlideTransition<touchgfx::WEST>, touchgfx::Drawable&, void, void>::~Callback()	16	static
Callback.hpp:362:8:virtual touchgfx::Callback<touchgfx::SlideTransition<touchgfx::WEST>, touchgfx::Drawable&, void, void>::~Callback()	16	static
SlideTransition.hpp:49:5:touchgfx::SlideTransition<templateDirection>::SlideTransition(uint8_t) [with touchgfx::Direction templateDirection = touchgfx::WEST]	40	static
AbstractPartition.hpp:138:8:T& touchgfx::AbstractPartition::at(uint16_t) [with T = touchgfx::SlideTransition<touchgfx::EAST>]	16	static
Callback.hpp:362:8:touchgfx::Callback<touchgfx::SlideTransition<touchgfx::EAST>, touchgfx::Drawable&, void, void>::~Callback()	16	static
Callback.hpp:362:8:virtual touchgfx::Callback<touchgfx::SlideTransition<touchgfx::EAST>, touchgfx::Drawable&, void, void>::~Callback()	16	static
SlideTransition.hpp:49:5:touchgfx::SlideTransition<templateDirection>::SlideTransition(uint8_t) [with touchgfx::Direction templateDirection = touchgfx::EAST]	40	static
AbstractPartition.hpp:138:8:T& touchgfx::AbstractPartition::at(uint16_t) [with T = Ser_monView]	16	static
AbstractPartition.hpp:138:8:T& touchgfx::AbstractPartition::at(uint16_t) [with T = Ser_monPresenter]	16	static
View.hpp:54:10:void touchgfx::View<T>::bind(T&) [with T = Ser_monPresenter]	16	static
AbstractPartition.hpp:138:8:T& touchgfx::AbstractPartition::at(uint16_t) [with T = CKeyboardScreenView]	16	static
AbstractPartition.hpp:138:8:T& touchgfx::AbstractPartition::at(uint16_t) [with T = CKeyboardScreenPresenter]	16	static
View.hpp:54:10:void touchgfx::View<T>::bind(T&) [with T = CKeyboardScreenPresenter]	16	static
AbstractPartition.hpp:138:8:T& touchgfx::AbstractPartition::at(uint16_t) [with T = OSCView]	16	static
AbstractPartition.hpp:138:8:T& touchgfx::AbstractPartition::at(uint16_t) [with T = OSCPresenter]	16	static
View.hpp:54:10:void touchgfx::View<T>::bind(T&) [with T = OSCPresenter]	16	static
AbstractPartition.hpp:138:8:T& touchgfx::AbstractPartition::at(uint16_t) [with T = SettingsView]	16	static
AbstractPartition.hpp:138:8:T& touchgfx::AbstractPartition::at(uint16_t) [with T = SettingsPresenter]	16	static
View.hpp:54:10:void touchgfx::View<T>::bind(T&) [with T = SettingsPresenter]	16	static
SlideTransition.hpp:202:18:void touchgfx::SlideTransition<templateDirection>::tickMoveDrawable(touchgfx::Drawable&) [with touchgfx::Direction templateDirection = touchgfx::WEST]	16	static
Callback.hpp:137:7:constexpr touchgfx::GenericCallback<touchgfx::Drawable&>::GenericCallback()	16	static
Callback.hpp:378:5:touchgfx::Callback<dest_type, T1, void, void>::Callback(dest_type*, void (dest_type::*)(T1)) [with dest_type = touchgfx::SlideTransition<touchgfx::WEST>; T1 = touchgfx::Drawable&]	24	static
Callback.hpp:141:13:touchgfx::GenericCallback<T1, void, void>::~GenericCallback() [with T1 = touchgfx::Drawable&]	16	static
Callback.hpp:141:13:touchgfx::GenericCallback<T1, void, void>::~GenericCallback() [with T1 = touchgfx::Drawable&]	16	static
SlideTransition.hpp:202:18:void touchgfx::SlideTransition<templateDirection>::tickMoveDrawable(touchgfx::Drawable&) [with touchgfx::Direction templateDirection = touchgfx::EAST]	16	static
Callback.hpp:378:5:touchgfx::Callback<dest_type, T1, void, void>::Callback(dest_type*, void (dest_type::*)(T1)) [with dest_type = touchgfx::SlideTransition<touchgfx::EAST>; T1 = touchgfx::Drawable&]	24	static
SlideTransition.hpp:41:7:touchgfx::SlideTransition<touchgfx::WEST>::~SlideTransition()	16	static
SlideTransition.hpp:41:7:virtual touchgfx::SlideTransition<touchgfx::WEST>::~SlideTransition()	16	static
SlideTransition.hpp:41:7:touchgfx::SlideTransition<touchgfx::EAST>::~SlideTransition()	16	static
SlideTransition.hpp:41:7:virtual touchgfx::SlideTransition<touchgfx::EAST>::~SlideTransition()	16	static
NoTransition.hpp:34:7:touchgfx::NoTransition::~NoTransition()	16	static
NoTransition.hpp:34:7:virtual touchgfx::NoTransition::~NoTransition()	16	static
Callback.hpp:430:8:touchgfx::Callback<FrontendApplicationBase>::~Callback()	16	static
Callback.hpp:430:8:virtual touchgfx::Callback<FrontendApplicationBase>::~Callback()	16	static
Keyboard.hpp:91:7:touchgfx::Keyboard::Layout::~Layout()	16	static
FrontendApplicationBase.cpp:125:1:void __static_initialization_and_destruction_0(int, int)	32	static
SlideTransition.hpp:91:18:void touchgfx::SlideTransition<templateDirection>::handleTickEvent() [with touchgfx::Direction templateDirection = touchgfx::WEST]	16	static
SlideTransition.hpp:148:18:void touchgfx::SlideTransition<templateDirection>::tearDown() [with touchgfx::Direction templateDirection = touchgfx::WEST]	16	static
SlideTransition.hpp:156:18:void touchgfx::SlideTransition<templateDirection>::init() [with touchgfx::Direction templateDirection = touchgfx::WEST]	40	static
SlideTransition.hpp:175:18:void touchgfx::SlideTransition<templateDirection>::initMoveDrawable(touchgfx::Drawable&) [with touchgfx::Direction templateDirection = touchgfx::WEST]	16	static
Callback.hpp:392:18:void touchgfx::Callback<dest_type, T1, void, void>::execute(T1) [with dest_type = touchgfx::SlideTransition<touchgfx::WEST>; T1 = touchgfx::Drawable&]	16	static
Callback.hpp:402:18:bool touchgfx::Callback<dest_type, T1, void, void>::isValid() const [with dest_type = touchgfx::SlideTransition<touchgfx::WEST>; T1 = touchgfx::Drawable&]	16	static
SlideTransition.hpp:91:18:void touchgfx::SlideTransition<templateDirection>::handleTickEvent() [with touchgfx::Direction templateDirection = touchgfx::EAST]	16	static
SlideTransition.hpp:148:18:void touchgfx::SlideTransition<templateDirection>::tearDown() [with touchgfx::Direction templateDirection = touchgfx::EAST]	16	static
SlideTransition.hpp:156:18:void touchgfx::SlideTransition<templateDirection>::init() [with touchgfx::Direction templateDirection = touchgfx::EAST]	40	static
SlideTransition.hpp:175:18:void touchgfx::SlideTransition<templateDirection>::initMoveDrawable(touchgfx::Drawable&) [with touchgfx::Direction templateDirection = touchgfx::EAST]	16	static
Callback.hpp:392:18:void touchgfx::Callback<dest_type, T1, void, void>::execute(T1) [with dest_type = touchgfx::SlideTransition<touchgfx::EAST>; T1 = touchgfx::Drawable&]	16	static
Callback.hpp:402:18:bool touchgfx::Callback<dest_type, T1, void, void>::isValid() const [with dest_type = touchgfx::SlideTransition<touchgfx::EAST>; T1 = touchgfx::Drawable&]	16	static
Callback.hpp:456:18:void touchgfx::Callback<dest_type, void, void, void>::execute() [with dest_type = FrontendApplicationBase]	16	static
Callback.hpp:466:18:bool touchgfx::Callback<dest_type, void, void, void>::isValid() const [with dest_type = FrontendApplicationBase]	16	static
FrontendApplicationBase.cpp:125:1:cpp)	8	static
FrontendApplicationBase.cpp:125:1:cpp)	8	static
