Font.hpp:146:13:touchgfx::Font::~Font()	16	static
Font.hpp:146:13:virtual touchgfx::Font::~Font()	16	static
ConstFont.hpp:36:7:touchgfx::ConstFont::~ConstFont()	16	static
ConstFont.hpp:36:7:virtual touchgfx::ConstFont::~ConstFont()	16	static
GeneratedFont.hpp:17:7:touchgfx::GeneratedFont::~GeneratedFont()	16	static
GeneratedFont.hpp:17:7:virtual touchgfx::GeneratedFont::~GeneratedFont()	16	static
Table_FredokaOne_Regular_28_4bpp.cpp:138:203:void __tcf_0()	8	static
Table_FredokaOne_Regular_28_4bpp.cpp:136:26:touchgfx::GeneratedFont& getFont_FredokaOne_Regular_28_4bpp()	48	static
